<xincludetest1>
  <h xml:base="h.xml">
  <d>H</d>
</h>
</xincludetest1>
