<xincludetest2 xmlns:a="http://www.w3.org/2001/XInclude">
  <a:include href="h.xml" parse="xml" />
</xincludetest2>
